<html>
<body>
<pre>
<h1>µVision Build Log</h1>
<h2>Tool Versions:</h2>
IDE-Version: ¦ÌVision V5.14.0.0
Copyright (C) 2015 ARM Ltd and ARM Germany GmbH. All rights reserved.
License Information: a Liedson, a, LIC=3UUAR-K5CTW-SDNK4-FLMJ7-Y6SJ3-TIQMR
 
Tool Versions:
Toolchain:       MDK-ARM Professional  Version: 5.14.0.0
Toolchain Path:  C:\Keil_v5\ARM\ARMCC\Bin
C Compiler:      Armcc.exe V5.05 update 1 (build 106)
Assembler:       Armasm.exe V5.05 update 1 (build 106)
Linker/Locator:  ArmLink.exe V5.05 update 1 (build 106)
Library Manager: ArmAr.exe V5.05 update 1 (build 106)
Hex Converter:   FromElf.exe V5.05 update 1 (build 106)
CPU DLL:         SARMCM3.DLL V5.14.0.0
Dialog DLL:      DCM.DLL V1.13.1.0
Target DLL:      STLink\ST-LINKIII-KEIL_SWO.dll V2.0.14.0_KEIL
Dialog DLL:      TCM.DLL V1.14.4.0
 
<h2>Project:</h2>
G:\ÉÏ¿Î¿Î¼þ\ÑÓ±Ï\USER\RS485.uvprojx
Project File Date:  12/26/2020

<h2>Output:</h2>
Build target 'RS485'
compiling main.c...
CRC.h(3): warning:  #1-D: last line of file ends without a newline
  uint8_t CRC16_L(uint8_t *puchMsg, uint16_t usDataLen);
..\USER\CRC.h(3): warning:  #1-D: last line of file ends without a newline
  uint8_t CRC16_L(uint8_t *puchMsg, uint16_t usDataLen);
..\HARDWARE\motor\motor.h(6): warning:  #1-D: last line of file ends without a newline
  void setMotorDistance(uint16_t dis);
..\HARDWARE\USART3\USART3.h(12): warning:  #1-D: last line of file ends without a newline
  #endif
..\USER\CRC.h(3): warning:  #1-D: last line of file ends without a newline
  uint8_t CRC16_L(uint8_t *puchMsg, uint16_t usDataLen);
..\HARDWARE\motor\motor.h(6): warning:  #1-D: last line of file ends without a newline
  void setMotorDistance(uint16_t dis);
task.h(23): warning:  #1295-D: Deprecated declaration motorReset - give arg types
  void motorReset();
main.c(36): warning:  #177-D: variable "str" was declared but never referenced
        char str[100];
main.c(37): warning:  #177-D: variable "key" was declared but never referenced
        u8 key, num;
main.c(37): warning:  #177-D: variable "num" was declared but never referenced
        u8 key, num;
main.c(38): warning:  #177-D: variable "cnt" was declared but never referenced
        u8 cnt=0;
main.c(39): warning:  #177-D: variable "angle" was declared but never referenced
        float angle;
main.c: 12 warnings, 0 errors
compiling led.c...
compiling task.c...
..\USER\CRC.h(3): warning:  #1-D: last line of file ends without a newline
  uint8_t CRC16_L(uint8_t *puchMsg, uint16_t usDataLen);
..\HARDWARE\motor\motor.h(6): warning:  #1-D: last line of file ends without a newline
  void setMotorDistance(uint16_t dis);
..\USER\task.h(23): warning:  #1295-D: Deprecated declaration motorReset - give arg types
  void motorReset();
..\SYSTEM\task.c: 3 warnings, 0 errors
linking...
Program Size: Code=9982 RO-data=938 RW-data=148 ZI-data=1916  
FromELF: creating hex file...
"..\OBJ\RS485.axf" - 0 Error(s), 15 Warning(s).

<h2>Collection of Component include folders:</h2>
  G:\ÉÏ¿Î¿Î¼þ\ÑÓ±Ï\USER\RTE
  C:\Keil_v5\ARM\PACK\Keil\STM32F4xx_DFP\2.13.0

<h2>Collection of Component Files used:</h2>
</pre>
</body>
</html>
